lib/prisma.ts(28,9): error TS2353: Object literal may only specify known properties, and 'datasources' does not exist in type 'Subset<PrismaClientOptions, PrismaClientOptions>'.
